---
source: crates/agentgateway/src/llm/tests.rs
description: src/llm/tests/anthropic_tool_result.json
info:
  id: msg_01Aq9w938a90dw8q
  type: message
  model: claude-opus-4-1-20250805
  stop_reason: tool_use
  role: assistant
  content:
    - type: text
      text: "<thinking>I need to call the get_weather function, and the user wants SF, which is likely San Francisco, CA.</thinking>"
    - type: tool_use
      id: toolu_01A09q90qw90lq917835lq9
      name: get_weather
      input:
        location: "San Francisco, CA"
        unit: celsius
  usage:
    input_tokens: 558
    cache_creation_input_tokens: 0
    cache_read_input_tokens: 0
    output_tokens: 48
    service_tier: standard
---
{
  "id": "[id]",
  "object": "chat.completion",
  "created": "[date]",
  "model": "claude-opus-4-1-20250805",
  "choices": [
    {
      "index": 0,
      "message": {
        "role": "assistant",
        "content": "<thinking>I need to call the get_weather function, and the user wants SF, which is likely San Francisco, CA.</thinking>",
        "tool_calls": [
          {
            "id": "toolu_01A09q90qw90lq917835lq9",
            "type": "function",
            "function": {
              "name": "get_weather",
              "arguments": "{\"location\":\"San Francisco, CA\",\"unit\":\"celsius\"}"
            }
          }
        ]
      },
      "finish_reason": "tool_calls",
      "finish_details": null
    }
  ],
  "usage": {
    "prompt_tokens": 558,
    "completion_tokens": 48,
    "total_tokens": 606
  },
  "system_fingerprint": null
}
