---
source: crates/agentgateway/src/llm/tests.rs
description: src/llm/tests/response_basic.json
info:
  id: chatcmpl-C3kBOLGARFj2WJrm5MRyuTiK4u6eF
  object: chat.completion
  created: 1755008546
  model: gpt-3.5-turbo-0125
  choices:
    - index: 0
      message:
        role: assistant
        content: "Sorry, I couldn't find the name of the LLM provider. Could you please provide more information or context?"
        refusal: ~
        annotations: []
      logprobs: ~
      finish_reason: stop
  usage:
    prompt_tokens: 17
    completion_tokens: 23
    total_tokens: 40
    prompt_tokens_details:
      cached_tokens: 0
      audio_tokens: 0
    completion_tokens_details:
      reasoning_tokens: 0
      audio_tokens: 0
      accepted_prediction_tokens: 0
      rejected_prediction_tokens: 0
  service_tier: default
  system_fingerprint: ~
---
{
  "id": "[id]",
  "choices": [
    {
      "index": 0,
      "message": {
        "content": "Sorry, I couldn't find the name of the LLM provider. Could you please provide more information or context?",
        "role": "assistant",
        "annotations": []
      },
      "finish_reason": "stop"
    }
  ],
  "created": "[date]",
  "model": "gpt-3.5-turbo-0125",
  "service_tier": "default",
  "object": "chat.completion",
  "usage": {
    "prompt_tokens": 17,
    "completion_tokens": 23,
    "total_tokens": 40,
    "prompt_tokens_details": {
      "audio_tokens": 0,
      "cached_tokens": 0
    },
    "completion_tokens_details": {
      "accepted_prediction_tokens": 0,
      "audio_tokens": 0,
      "reasoning_tokens": 0,
      "rejected_prediction_tokens": 0
    }
  }
}
