---
source: crates/agentgateway/src/llm/tests.rs
description: src/llm/tests/response_stream-bedrock_basic.bin
---
event: 
data: {"id":"request-id","choices":[{"index":0,"delta":{"content":null,"function_call":null,"tool_calls":null,"role":"assistant","refusal":null}}],"created":1755557239,"model":"model","service_tier":null,"system_fingerprint":null,"object":"chat.completion.chunk","usage":null}

event: 
data: {"id":"request-id","choices":[{"index":0,"delta":{"content":"\nOnce upon a time, there was a little boy named Jack who loved to play with his friends in the park. His favorite activity was to climb the tallest tree and swing on the strongest branch. One day, Jac","function_call":null,"tool_calls":null,"role":null,"refusal":null}}],"created":1755557239,"model":"model","service_tier":null,"system_fingerprint":null,"object":"chat.completion.chunk","usage":null}

event: 
data: {"id":"request-id","choices":[{"index":0,"delta":{"content":"k and his friends were playing when they heard a loud noise coming from the tree. They ran over to investigate and found a large bird trapped inside.\n\nJack knew that he had to help the bird, so he climbed up the tree and gently removed the bird from the branches. The bird was grateful and thanked Jack for his help","function_call":null,"tool_calls":null,"role":null,"refusal":null}}],"created":1755557239,"model":"model","service_tier":null,"system_fingerprint":null,"object":"chat.completion.chunk","usage":null}

event: 
data: {"id":"request-id","choices":[{"index":0,"delta":{"content":". From that day on, Jack became known as the bird whisperer in the park and everyone loved to hear his stories about the birds he had helped.","function_call":null,"tool_calls":null,"role":null,"refusal":null}}],"created":1755557239,"model":"model","service_tier":null,"system_fingerprint":null,"object":"chat.completion.chunk","usage":null}

event: 
data: {"id":"request-id","choices":[{"index":0,"delta":{"content":null,"function_call":null,"tool_calls":null,"role":null,"refusal":null},"finish_reason":"stop"}],"created":1755557239,"model":"model","service_tier":null,"system_fingerprint":null,"object":"chat.completion.chunk","usage":null}

event: 
data: {"id":"request-id","choices":[],"created":1755557239,"model":"model","service_tier":null,"system_fingerprint":null,"object":"chat.completion.chunk","usage":{"prompt_tokens":15,"completion_tokens":142,"total_tokens":157}}
