---
source: crates/agentgateway/src/llm/tests.rs
description: src/llm/tests/tool_bedrock.json
info:
  output:
    message:
      role: assistant
      content:
        - toolUse:
            toolUseId: tooluse_kZJMlvQmRJ6eAyJE5GIl7Q
            name: top_song
            input:
              sign: WZPZ
        - toolUse:
            toolUseId: tooluse_kZJMlvQmRJ6eAyxxx
            name: hello
            input:
              sign: world
  stopReason: tool_use
---
{
  "id": "[id]",
  "object": "chat.completion",
  "created": "[date]",
  "model": "fake-model",
  "choices": [
    {
      "index": 0,
      "message": {
        "role": "assistant",
        "tool_calls": [
          {
            "id": "tooluse_kZJMlvQmRJ6eAyJE5GIl7Q",
            "type": "function",
            "function": {
              "name": "top_song",
              "arguments": "{\"sign\":\"WZPZ\"}"
            }
          },
          {
            "id": "tooluse_kZJMlvQmRJ6eAyxxx",
            "type": "function",
            "function": {
              "name": "hello",
              "arguments": "{\"sign\":\"world\"}"
            }
          }
        ]
      },
      "finish_reason": "tool_calls",
      "finish_details": null
    }
  ],
  "usage": {
    "prompt_tokens": 0,
    "completion_tokens": 0,
    "total_tokens": 0
  },
  "system_fingerprint": null
}
